// Jest Snapshot v1, https://goo.gl/fbAQLP

exports[`should render coverage selection as expected 1`] = `
<div
  className="sc-gtsrHT gCPYeG"
  data-testid="coverage-selection"
>
  
  <div
    className="coverage-selection-select-matrix"
  >
    <p
      className="coverage-selection-lable"
    >
      Add an Encodings Design:
    </p>
    <div
      className="coverage-selection-matrix-row"
    >
      <p
        className="coverage-selection-top-lable"
      >
        1st Encoding
      </p>
      <div
        className="sc-dlnjwi jYtHVp"
      >
        <div
          className="matrix-1d"
        >
          <div
            className="grid-titles"
          >
            PX
          </div>
          <div
            className="grid-titles"
          >
            PY
          </div>
          <div
            className="grid-titles"
          >
            L
          </div>
          <div
            className="grid-titles"
          >
            AN
          </div>
          <div
            className="grid-titles"
          >
            AR
          </div>
          <div
            className="grid-titles"
          >
            T
          </div>
          <div
            className="grid-titles"
          >
            V
          </div>
          <div
            className="grid-titles"
          >
            D
          </div>
          <div
            className="grid-titles"
          >
            S
          </div>
          <div
            className="grid-titles"
          >
            CS
          </div>
          <div
            className="grid-titles"
          >
            CH
          </div>
          <div
            className="grid-titles"
          >
            O
          </div>
          <div
            className="sc-bdnxRM lmmjcq"
            data-testid="PX"
            id="PX-1"
          >
            <div
              className="grid-values coverage-none-deactive"
              onClick={[Function]}
            >
              <p>
                X
              </p>
            </div>
          </div>
          <div
            className="sc-bdnxRM lmmjcq"
            data-testid="PY"
            id="PY-1"
          >
            <div
              className="grid-values coverage-none-deactive"
              onClick={[Function]}
            >
              <p>
                X
              </p>
            </div>
          </div>
          <div
            className="sc-bdnxRM lmmjcq"
            data-testid="L"
            id="L-1"
          >
            <div
              className="grid-values coverage-none-deactive"
              onClick={[Function]}
            >
              <p>
                X
              </p>
            </div>
          </div>
          <div
            className="sc-bdnxRM lmmjcq"
            data-testid="AN"
            id="AN-1"
          >
            <div
              className="grid-values coverage-none-deactive"
              onClick={[Function]}
            >
              <p>
                X
              </p>
            </div>
          </div>
          <div
            className="sc-bdnxRM lmmjcq"
            data-testid="AR"
            id="AR-1"
          >
            <div
              className="grid-values coverage-none-deactive"
              onClick={[Function]}
            >
              <p>
                X
              </p>
            </div>
          </div>
          <div
            className="sc-bdnxRM lmmjcq"
            data-testid="T"
            id="T-1"
          >
            <div
              className="grid-values coverage-none-deactive"
              onClick={[Function]}
            >
              <p>
                X
              </p>
            </div>
          </div>
          <div
            className="sc-bdnxRM lmmjcq"
            data-testid="V"
            id="V-1"
          >
            <div
              className="grid-values coverage-none-deactive"
              onClick={[Function]}
            >
              <p>
                X
              </p>
            </div>
          </div>
          <div
            className="sc-bdnxRM lmmjcq"
            data-testid="D"
            id="D-1"
          >
            <div
              className="grid-values coverage-none-deactive"
              onClick={[Function]}
            >
              <p>
                X
              </p>
            </div>
          </div>
          <div
            className="sc-bdnxRM lmmjcq"
            data-testid="S"
            id="S-1"
          >
            <div
              className="grid-values coverage-none-deactive"
              onClick={[Function]}
            >
              <p>
                X
              </p>
            </div>
          </div>
          <div
            className="sc-bdnxRM lmmjcq"
            data-testid="CS"
            id="CS-1"
          >
            <div
              className="grid-values coverage-none-deactive"
              onClick={[Function]}
            >
              <p>
                X
              </p>
            </div>
          </div>
          <div
            className="sc-bdnxRM lmmjcq"
            data-testid="CH"
            id="CH-1"
          >
            <div
              className="grid-values coverage-none-deactive"
              onClick={[Function]}
            >
              <p>
                X
              </p>
            </div>
          </div>
          <div
            className="sc-bdnxRM lmmjcq"
            data-testid="O"
            id="O-1"
          >
            <div
              className="grid-values coverage-none-deactive"
              onClick={[Function]}
            >
              <p>
                X
              </p>
            </div>
          </div>
        </div>
      </div>
    </div>
    <div
      className="coverage-selection-matrix-row"
    >
      <p
        className="coverage-selection-lable"
      >
        2nd Encoding
      </p>
      <div
        className="sc-dlnjwi jYtHVp"
      >
        <div
          className="matrix-1d"
        >
          <div
            className="sc-bdnxRM lmmjcq"
            data-testid="PX"
            id="PX-2"
          >
            <div
              className="grid-values coverage-none-deactive"
              onClick={[Function]}
            >
              <p>
                X
              </p>
            </div>
          </div>
          <div
            className="sc-bdnxRM lmmjcq"
            data-testid="PY"
            id="PY-2"
          >
            <div
              className="grid-values coverage-none-deactive"
              onClick={[Function]}
            >
              <p>
                X
              </p>
            </div>
          </div>
          <div
            className="sc-bdnxRM lmmjcq"
            data-testid="L"
            id="L-2"
          >
            <div
              className="grid-values coverage-none-deactive"
              onClick={[Function]}
            >
              <p>
                X
              </p>
            </div>
          </div>
          <div
            className="sc-bdnxRM lmmjcq"
            data-testid="AN"
            id="AN-2"
          >
            <div
              className="grid-values coverage-none-deactive"
              onClick={[Function]}
            >
              <p>
                X
              </p>
            </div>
          </div>
          <div
            className="sc-bdnxRM lmmjcq"
            data-testid="AR"
            id="AR-2"
          >
            <div
              className="grid-values coverage-none-deactive"
              onClick={[Function]}
            >
              <p>
                X
              </p>
            </div>
          </div>
          <div
            className="sc-bdnxRM lmmjcq"
            data-testid="T"
            id="T-2"
          >
            <div
              className="grid-values coverage-none-deactive"
              onClick={[Function]}
            >
              <p>
                X
              </p>
            </div>
          </div>
          <div
            className="sc-bdnxRM lmmjcq"
            data-testid="V"
            id="V-2"
          >
            <div
              className="grid-values coverage-none-deactive"
              onClick={[Function]}
            >
              <p>
                X
              </p>
            </div>
          </div>
          <div
            className="sc-bdnxRM lmmjcq"
            data-testid="D"
            id="D-2"
          >
            <div
              className="grid-values coverage-none-deactive"
              onClick={[Function]}
            >
              <p>
                X
              </p>
            </div>
          </div>
          <div
            className="sc-bdnxRM lmmjcq"
            data-testid="S"
            id="S-2"
          >
            <div
              className="grid-values coverage-none-deactive"
              onClick={[Function]}
            >
              <p>
                X
              </p>
            </div>
          </div>
          <div
            className="sc-bdnxRM lmmjcq"
            data-testid="CS"
            id="CS-2"
          >
            <div
              className="grid-values coverage-none-deactive"
              onClick={[Function]}
            >
              <p>
                X
              </p>
            </div>
          </div>
          <div
            className="sc-bdnxRM lmmjcq"
            data-testid="CH"
            id="CH-2"
          >
            <div
              className="grid-values coverage-none-deactive"
              onClick={[Function]}
            >
              <p>
                X
              </p>
            </div>
          </div>
          <div
            className="sc-bdnxRM lmmjcq"
            data-testid="O"
            id="O-2"
          >
            <div
              className="grid-values coverage-none-deactive"
              onClick={[Function]}
            >
              <p>
                X
              </p>
            </div>
          </div>
        </div>
      </div>
    </div>
    <div
      className="coverage-selection-matrix-row"
    >
      <p
        className="coverage-selection-lable"
      >
        3rd Encoding
      </p>
      <div
        className="sc-dlnjwi jYtHVp"
      >
        <div
          className="matrix-1d"
        >
          <div
            className="sc-bdnxRM lmmjcq"
            data-testid="PX"
            id="PX-3"
          >
            <div
              className="grid-values coverage-none-deactive"
              onClick={[Function]}
            >
              <p>
                X
              </p>
            </div>
          </div>
          <div
            className="sc-bdnxRM lmmjcq"
            data-testid="PY"
            id="PY-3"
          >
            <div
              className="grid-values coverage-none-deactive"
              onClick={[Function]}
            >
              <p>
                X
              </p>
            </div>
          </div>
          <div
            className="sc-bdnxRM lmmjcq"
            data-testid="L"
            id="L-3"
          >
            <div
              className="grid-values coverage-none-deactive"
              onClick={[Function]}
            >
              <p>
                X
              </p>
            </div>
          </div>
          <div
            className="sc-bdnxRM lmmjcq"
            data-testid="AN"
            id="AN-3"
          >
            <div
              className="grid-values coverage-none-deactive"
              onClick={[Function]}
            >
              <p>
                X
              </p>
            </div>
          </div>
          <div
            className="sc-bdnxRM lmmjcq"
            data-testid="AR"
            id="AR-3"
          >
            <div
              className="grid-values coverage-none-deactive"
              onClick={[Function]}
            >
              <p>
                X
              </p>
            </div>
          </div>
          <div
            className="sc-bdnxRM lmmjcq"
            data-testid="T"
            id="T-3"
          >
            <div
              className="grid-values coverage-none-deactive"
              onClick={[Function]}
            >
              <p>
                X
              </p>
            </div>
          </div>
          <div
            className="sc-bdnxRM lmmjcq"
            data-testid="V"
            id="V-3"
          >
            <div
              className="grid-values coverage-none-deactive"
              onClick={[Function]}
            >
              <p>
                X
              </p>
            </div>
          </div>
          <div
            className="sc-bdnxRM lmmjcq"
            data-testid="D"
            id="D-3"
          >
            <div
              className="grid-values coverage-none-deactive"
              onClick={[Function]}
            >
              <p>
                X
              </p>
            </div>
          </div>
          <div
            className="sc-bdnxRM lmmjcq"
            data-testid="S"
            id="S-3"
          >
            <div
              className="grid-values coverage-none-deactive"
              onClick={[Function]}
            >
              <p>
                X
              </p>
            </div>
          </div>
          <div
            className="sc-bdnxRM lmmjcq"
            data-testid="CS"
            id="CS-3"
          >
            <div
              className="grid-values coverage-none-deactive"
              onClick={[Function]}
            >
              <p>
                X
              </p>
            </div>
          </div>
          <div
            className="sc-bdnxRM lmmjcq"
            data-testid="CH"
            id="CH-3"
          >
            <div
              className="grid-values coverage-none-deactive"
              onClick={[Function]}
            >
              <p>
                X
              </p>
            </div>
          </div>
          <div
            className="sc-bdnxRM lmmjcq"
            data-testid="O"
            id="O-3"
          >
            <div
              className="grid-values coverage-none-deactive"
              onClick={[Function]}
            >
              <p>
                X
              </p>
            </div>
          </div>
        </div>
      </div>
    </div>
    <button
      className="btn btn-outline-primary btn-block"
      disabled={false}
      onClick={[Function]}
      type="button"
    >
      Add
    </button>
  </div>
</div>
`;
